# synthetic_k1lgs.lst -- SYNTHETIC example starlist, all targets fake.
# Generated by make_synthetic_starlist.py (fixed seed; regenerate at will).
# Format: https://www2.keck.hawaii.edu/inst/ao/starlist.html

syneng100        08 40 44.20 -19 52 24.1 2000.0 vmag=9.91 b-v=0.71 lgs=1
syneng101        11 15 10.72 +59 44 54.8 2000.0 vmag=10.07 b-v=0.59 lgs=1
syneng102        22 04 46.65 -19 55 26.8 2000.0 vmag=10.26 b-v=0.78 lgs=1
syneng103        14 36 44.41 -11 54 00.3 2000.0 vmag=9.99 b-v=0.67 lgs=1
syneng104        17 20 22.68 +12 54 44.9 2000.0 vmag=10.26 b-v=0.78 lgs=1
syneng105        22 08 16.30 +24 53 19.2 2000.0 vmag=10.11 b-v=0.74 lgs=1

SYN-001          19 22 00.40 -23 26 40.2 2000.0 imag=16.7 lgs=1 comments=lowpriority
SYN-002          02 32 57.23 23 13 56.4 2000 vmag=11.6 lgs=1
SYN-003          17 31 57.87 +05 28 28.8 2000.0 vmag=11.8 lgs=1 # rmag=12.5 kmag=9.86
SYN-004          04 34 40.93 59 42 29.5 2000 imag=17.6 lgs=1 pa=0.00
SYN-005          08 10 32.86 -00 09 19.6 2000.0 vmag=11.9 lgs=1
SYN-006          18 51 11.87 23 21 24.1 2000 vmag=14.5 lgs=1 comments=lowpriority
SYN-007          01 57 29.53 -00 49 07.3 2000.0 imag=17.8 lgs=1
SYN-008          19 44 10.47 11 34 13.8 2000 vmag=12.2 lgs=1
SYN-009          19 45 46.46 +02 13 38.7 2000.0 vmag=14.8 lgs=1 # rmag=15.35 kmag=10.82
SYN-010          06 40 55.71 -12 14 41.0 2000 imag=16.0 lgs=1
SYN-011          01 21 14.95 +37 56 09.2 2000.0 vmag=12.1 lgs=1 comments=lowpriority pa=0.00
SYN-012          22 11 18.65 49 08 24.9 2000 vmag=11.7 lgs=1
SYN-013          06 29 55.23 +17 50 14.7 2000.0 imag=14.8 lgs=1
SYN-014          23 32 29.15 45 01 22.3 2000 vmag=13.6 lgs=1
SYN-015          17 03 02.89 +62 28 24.8 2000.0 vmag=14.5 lgs=1 # rmag=14.5 kmag=9.73
SYN-016          19 57 01.73 -11 25 25.8 2000 imag=17.4 lgs=1 comments=lowpriority
SYN-017          18 02 28.97 +48 14 17.1 2000.0 vmag=15.8 lgs=1
SYN-018          01 09 31.31 -05 24 44.9 2000 vmag=15.8 lgs=1 pa=0.00
SYN-019          20 45 49.31 -20 17 35.2 2000.0 imag=16.6 lgs=1
SYN-020          10 37 15.84 -05 00 14.0 2000 vmag=14.6 lgs=1

# linked tip-tilt candidates (target= rows, indented like real lists)
Syn Cluster A    12 28 20.42 +27 30 06.6 2000.0 vmag=16.0 imag=16.0 lgs=1 irtt=1
        syntt301 12 28 20.80 +27 29 35.4 2000.0 rmag=15.63 sep=31.6 b-v=1.46 b-r=1.03 target=Syn_Cluster_A
        syntt302 12 28 20.12 +27 30 05.7 2000.0 rmag=16.35 sep=4.01 b-v=1.46 b-r=1.34 target=Syn_Cluster_A
BD+99  1234      14 48 57.36 +54 42 53.2 2000.0 vmag=15.7 imag=16.3 lgs=1 irtt=1
        syntt303 14 48 53.96 +54 43 31.9 2000.0 rmag=14.98 sep=48.68 b-v=0.66 b-r=2.32 J=15.22 H=15.13 K=13.59 target=BD+99__1234
SYNTHETIC WIDE FIELD 1 13 33 35.31 +63 29 31.0 2000.0 vmag=14.1 imag=18.5 lgs=1 irtt=1
        syntt304 13 33 39.17 +63 30 06.5 2000.0 rmag=13.62 sep=43.91 b-v=0.94 b-r=2.22 target=SYNTHETIC_WIDE_FIELD_1
        syntt305 13 33 36.92 +63 29 14.1 2000.0 rmag=16.41 sep=20.03 b-v=0.5 b-r=1.55 vistt=0 irtt=1 target=SYNTHETIC_WIDE_FIELD_1
APPSYN-1         22 09 50.71 -06 10 20.9 APP vmag=15.1 imag=15.4 lgs=1 irtt=1
        syntt306 22 09 50.18 -06 10 06.3 APP rmag=16.5 sep=16.53 b-v=1.35 b-r=1.12 target=APPSYN-1
SYNFLD04         00 00 10.40 +12 33 36.6 2000.0 vmag=14.2 imag=16.5 lgs=1 irtt=1
        syntt307 00 00 10.83 +12 34 29.6 2000.0 rmag=14.96 sep=53.29 b-v=0.47 b-r=2.14 J=15.03 H=14.83 K=14.03 target=SYNFLD04
        syntt308 00 00 08.46 +12 33 28.9 2000.0 rmag=15.27 sep=29.54 b-v=0.61 b-r=1.71 target=SYNFLD04
SYNFLD05         02 02 02.57 -09 34 51.2 2000.0 vmag=15.7 imag=15.4 lgs=1 irtt=1
        syntt309 02 02 02.59 -09 34 38.5 2000.0 rmag=14.75 sep=12.76 b-v=1.22 b-r=1.71 vistt=0 irtt=1 target=SYNFLD05
SYNFLD06         20 49 04.83 +07 38 19.3 2000.0 vmag=13.2 imag=18.3 lgs=1 irtt=1
        syntt310 20 49 04.48 +07 38 12.4 2000.0 rmag=16.13 sep=8.67 b-v=1.2 b-r=1.45 vistt=0 irtt=1 target=SYNFLD06
        syntt311 20 49 05.24 +07 37 49.2 2000.0 rmag=15.31 sep=30.73 b-v=0.74 b-r=1.22 J=15.96 H=13.77 K=13.44 vistt=0 irtt=1 target=SYNFLD06
SYNFLD07         16 20 56.53 +53 58 58.6 2000.0 vmag=14.5 imag=16.9 lgs=1 irtt=1
        syntt312 16 20 56.51 +53 58 52.9 2000.0 rmag=14.75 sep=5.67 b-v=0.82 b-r=1.42 vistt=0 irtt=1 target=SYNFLD07

# one malformed line on purpose: parsers must skip it, not abort
SYN-BADLINE      not a coordinate at all

